=== 1/7 ingest ===
  recommended: dropped 52,193 Rajya Sabha row(s), 202,341 Lok Sabha remain
  sanctioned: dropped 44,261 Rajya Sabha row(s), 172,049 Lok Sabha remain
  completed: dropped 26,291 Rajya Sabha row(s), 106,755 Lok Sabha remain
  expenditure: dropped 56,325 Rajya Sabha row(s), 223,414 Lok Sabha remain
  allocated: dropped 480 Rajya Sabha row(s), 1,086 Lok Sabha remain
  calamity: dropped 21 Rajya Sabha row(s), 12 Lok Sabha remain
  PASS                       recommended  Lok Sabha    17th Lok Sabha   n= 94,745
  PASS                       recommended  Lok Sabha    18th Lok Sabha   n=107,596
  PASS                       sanctioned   Lok Sabha    17th Lok Sabha   n= 92,117
  PASS                       sanctioned   Lok Sabha    18th Lok Sabha   n= 79,932
  PASS                       completed    Lok Sabha    17th Lok Sabha   n= 71,755
  PASS                       completed    Lok Sabha    18th Lok Sabha   n= 35,000
  PASS                       expenditure  Lok Sabha    17th Lok Sabha   n=138,742
  PASS                       expenditure  Lok Sabha    18th Lok Sabha   n= 84,672
  PASS                       allocated    Lok Sabha    17th Lok Sabha   n=    543
  PASS                       allocated    Lok Sabha    18th Lok Sabha   n=    543
  PASS                       calamity     Lok Sabha    18th Lok Sabha   n=     12

ingest: 11 scope checks, 0 FAIL, 0 WARN

=== 2/7 normalise ===
    recommended.RECOMMENDED_AMOUNT: 5 zero-amount rows
    recommended.SANCTION_AMOUNT: 5 zero-amount rows
    recommended.ACTIVITY_NAME_CLEAN: strip_rate=1.0000 distinct=120
    sanctioned.SANCTION_AMOUNT: 5 zero-amount rows
    sanctioned.ACTIVITY_NAME_CLEAN: strip_rate=1.0000 distinct=119
    completed.ACTUAL_AMOUNT: 290 zero-amount rows
    completed.ACTIVITY_NAME_CLEAN: strip_rate=1.0000 distinct=111
    expenditure.ACTIVITY_NAME_CLEAN: strip_rate=0.0008 distinct=118
    expenditure.VENDOR_NAME_CLEAN: raw_distinct=59,325 normalised_distinct=56,331 (spelling normalisation only, real collapse via clustering is Slice 2)
    expenditure.IA_NAME_CLEAN: raw_distinct=11,364 normalised_distinct=11,336
  wrote recommended.parquet (202,341 rows, 28 cols)
  wrote sanctioned.parquet (172,049 rows, 27 cols)
  wrote completed.parquet (106,755 rows, 23 cols)
  wrote expenditure.parquet (223,414 rows, 26 cols)

=== 3/7 link ===
  recommended: deduped 202,341 -> 202,221 rows (120 dropped on composite WORK_KEY, expected ~171)
  join coverage: sanctioned_without_recommendation_pct = 0.317%
  join coverage: completed_without_sanction_pct = 0.000%
  join coverage: payments_without_sanction_pct = 0.000%

  spine: 202,766 rows (recommended U sanctioned)
  has_recommended=202,221  has_sanctioned=172,049  has_completed=106,755  has_expenditure=141,842
  sanctioned -> recommended: 99.683% (171,504/172,049)  [SCHEMA.md: 99.502%]
  completed  -> sanctioned:  100.000% (106,755/106,755)  [SCHEMA.md: 100.000%]
  expenditure-> sanctioned:  100.000% (141,842/141,842)  [SCHEMA.md: 100.000%]
  expenditure-> completed:   75.055% (106,459/141,842)  [SCHEMA.md: 72.667%]

=== 4/7 detectors ===
  DELAY_IN_SANCTION                            13,095
  RECOMMENDATION_PENDING_SANCTION               1,517
  SANCTIONED_WORK_NOT_TAKEN_UP                    138
  DELAY_IN_COMPLETION                           8,146
  WORK_NOT_COMPLETED                            4,188
  PAYMENT_WITHOUT_COMPLETION                    2,796
  PROLONGED_DELAY_OPEN                         19,617
  PROLONGED_DELAY_SANCTION_LAG                 13,467
  PROLONGED_DELAY_UNSANCTIONED                  5,766
  EXCESS_EXPENDITURE                                1
  EXPENDITURE_WITHOUT_SANCTION                      1
  EXPENDITURE_AFTER_COMPLETION                  4,033
  UNUSUAL_COST                                  1,549
  PAYMENT_COMPLETION_MISMATCH                      11
  PROHIBITED_WORK                                 165
  TRUST_SOCIETY_LIMIT_EXCEEDED                      1
  UNSPENT_BALANCE                                  59
  DUPLICATE_WORK                                2,246
  SAME_WORK_MULTIPLE_MPS                            2
  AGENCY_CONCENTRATION                            883
  COMPLETION_EVIDENCE_NOT_ATTACHED             30,393

  total findings: 108,074

=== 5/7 score ===
  severity policy: 5,472 statistical capped at medium, 7,618 raised by corroboration, 0 capped by feedback, 0 suppressed
  reviewed findings per tag: none yet
  scored + routed 108,074 findings
  regression check: first snapshot (108,074 findings)

=== 6/7 rollup ===
  queue: 2,000 / 107,971 in-scope works = 1.85%
  flagged per 1,000: all-scope 414.9  in-scope 251.0

=== 7/7 export ===
  wrote findings.jsonl + findings.parquet (108,074 rows)
  wrote work_risk.parquet (84,118 rows, 25 cols)
  wrote constituency_risk.parquet (538 rows, 12 cols)
  wrote district_risk.parquet (788 rows, 11 cols)
  wrote state_risk.parquet (36 rows, 11 cols)
  wrote mplads.duckdb (findings, work_risk, constituency_risk, district_risk, state_risk)
  wrote alert digest (17,832 new high-severity findings) -> digest_20260923T191054Z.json
  hand-check sheet: 200 findings -> C:\Users\Asus\Downloads\Orbit\Orbit-SwarmHack\reports\hand_check_sheet.csv

=== models (ranking/prediction only) ===
  rule-agreement model: out-of-fold AUC=0.972 (GroupKFold by constituency), positive rate 0.088, n=202,766
  delay model: out-of-fold AUC=0.688, precision=0.600, recall=0.163
Saved to C:\Users\Asus\Downloads\Orbit\Orbit-SwarmHack\data\models\delay_predictor.joblib
  label model not trained: 0 reviewed findings < 300 required

============================================================
PIPELINE SUMMARY
============================================================
  spine (works, all scopes):     202,766
  total findings:                108,074  (0 suppressed)
  works with >=1 finding:        84,118  (414.9 per 1,000)
  by severity:                   {'medium': 44782, 'low': 44725, 'high': 18567}
    Prolonged Delay Beyond Guideline                38,850
    Completion Evidence Not Attached                30,393
    Delay in Sanction                               13,095
    Delay in Completion                              8,146
    Work Not Completed                               4,188
    Expenditure After Completion                     4,033
    Payment Without Completion                       2,796
    Duplicate Work                                   2,246
    Unusual Cost                                     1,549
    Recommendation Pending Sanction                  1,517
    Concentration of Works in a Single Agency          883
    Prohibited Work                                    165
    Sanctioned Work Not Taken Up                       138
    Unspent Balance                                     59
    Payment and Completion Mismatch                     11
    Same Work Recommended by Multiple MPs                2
    Excess Expenditure                                   1
    Expenditure Without Sanction                         1
    Trust/Society Limit Exceeded                         1
  run time:                      397.3s
============================================================
exit 0
