C:\Users\Asus\Downloads\Orbit\Orbit-SwarmHack\engine\detectors.py:334: UserWarning: This pattern is interpreted as a regular expression, and has match groups. To actually get the groups, use str.extract.
  has_sc_keywords = desc_upper.str.contains(sc_pattern, regex=True)
C:\Users\Asus\Downloads\Orbit\Orbit-SwarmHack\engine\detectors.py:335: UserWarning: This pattern is interpreted as a regular expression, and has match groups. To actually get the groups, use str.extract.
  has_st_keywords = desc_upper.str.contains(st_pattern, regex=True)
  STALLED_AT_SANCTION                           3,072
  SANCTION_DELAY                               17,141
  STALLED_AT_EXECUTION                          6,406
  EXECUTION_DELAY                              10,620
  TEMPORAL_PAYMENT_BEFORE_SANCTION                  1
  GHOST_ASSET                                  30,393
  PAID_NOT_COMPLETE                             3,473
  STUCK_STATUS                                 14,818
  OVER_ALLOCATION                                   1
  STATUTORY_SC_ST_DEFICIT                       1,051
  COST_OUTLIER                                 12,364
  DUPLICATE_WORK                                2,194
  AGENCY_CONCENTRATION                            350

  total findings: 101,884
  scored + routed 101,884 findings
{
 "total_findings": 101884,
 "by_tag": {
  "AGENCY CONCENTRATION": 350,
  "COST OUTLIER": 12364,
  "DATA INTEGRITY": 1,
  "DUPLICATION": 2194,
  "GHOST ASSET": 33866,
  "OVER ALLOCATION": 1,
  "STATUTORY COMPLIANCE": 1051,
  "TIME DELAY": 52057
 },
 "by_severity": {
  "high": 70054,
  "medium": 31830
 },
 "by_tag_severity": {
  "AGENCY CONCENTRATION|high": 175,
  "AGENCY CONCENTRATION|medium": 175,
  "COST OUTLIER|high": 9076,
  "COST OUTLIER|medium": 3288,
  "DATA INTEGRITY|high": 1,
  "DUPLICATION|high": 1642,
  "DUPLICATION|medium": 552,
  "GHOST ASSET|high": 32125,
  "GHOST ASSET|medium": 1741,
  "OVER ALLOCATION|high": 1,
  "STATUTORY COMPLIANCE|high": 1051,
  "TIME DELAY|high": 25983,
  "TIME DELAY|medium": 26074
 },
 "flagged_works": 78181,
 "flagged_per_1000": 385.6,
 "flagged_per_1000_18th Lok Sabha": 188.5,
 "flagged_per_1000_17th Lok Sabha": 610.0
}
